rush> Hello World
rush> rush> rush> Hello World
rush> rush> rush> 